Copyright 1986-2022 Xilinx, Inc. All Rights Reserved. Copyright 2022-2023 Advanced Micro Devices, Inc. All Rights Reserved.
------------------------------------------------------------------------------------------------------------------------------------------------------------------------------------------------------------------------------------------------
| Tool Version : Vivado v.2023.2 (win64) Build 4029153 Fri Oct 13 20:14:34 MDT 2023
| Date         : Sat Oct 19 11:59:47 2024
| Host         : Bar1s running 64-bit major release  (build 9200)
| Command      : report_timing_summary -max_paths 10 -report_unconstrained -file MultiDigitDisplay_timing_summary_routed.rpt -pb MultiDigitDisplay_timing_summary_routed.pb -rpx MultiDigitDisplay_timing_summary_routed.rpx -warn_on_violation
| Design       : MultiDigitDisplay
| Device       : 7a35t-cpg236
| Speed File   : -1  PRODUCTION 1.23 2018-06-13
| Design State : Routed
------------------------------------------------------------------------------------------------------------------------------------------------------------------------------------------------------------------------------------------------

Timing Summary Report

------------------------------------------------------------------------------------------------
| Timer Settings
| --------------
------------------------------------------------------------------------------------------------

  Enable Multi Corner Analysis               :  Yes
  Enable Pessimism Removal                   :  Yes
  Pessimism Removal Resolution               :  Nearest Common Node
  Enable Input Delay Default Clock           :  No
  Enable Preset / Clear Arcs                 :  No
  Disable Flight Delays                      :  No
  Ignore I/O Paths                           :  No
  Timing Early Launch at Borrowing Latches   :  No
  Borrow Time for Max Delay Exceptions       :  Yes
  Merge Timing Exceptions                    :  Yes
  Inter-SLR Compensation                     :  Conservative

  Corner  Analyze    Analyze    
  Name    Max Paths  Min Paths  
  ------  ---------  ---------  
  Slow    Yes        Yes        
  Fast    Yes        Yes        


------------------------------------------------------------------------------------------------
| Report Methodology
| ------------------
------------------------------------------------------------------------------------------------

Rule       Severity          Description                  Violations  
---------  ----------------  ---------------------------  ----------  
TIMING-17  Critical Warning  Non-clocked sequential cell  35          

Note: This report is based on the most recent report_methodology run and may not be up-to-date. Run report_methodology on the current design for the latest report.



check_timing report

Table of Contents
-----------------
1. checking no_clock (35)
2. checking constant_clock (0)
3. checking pulse_width_clock (0)
4. checking unconstrained_internal_endpoints (35)
5. checking no_input_delay (0)
6. checking no_output_delay (11)
7. checking multiple_clock (0)
8. checking generated_clocks (0)
9. checking loops (0)
10. checking partial_input_delay (0)
11. checking partial_output_delay (0)
12. checking latch_loops (0)

1. checking no_clock (35)
-------------------------
 There are 33 register/latch pins with no clock driven by root clock pin: clk (HIGH)

 There are 2 register/latch pins with no clock driven by root clock pin: clk2_reg/Q (HIGH)


2. checking constant_clock (0)
------------------------------
 There are 0 register/latch pins with constant_clock.


3. checking pulse_width_clock (0)
---------------------------------
 There are 0 register/latch pins which need pulse_width check


4. checking unconstrained_internal_endpoints (35)
-------------------------------------------------
 There are 35 pins that are not constrained for maximum delay. (HIGH)

 There are 0 pins that are not constrained for maximum delay due to constant clock.


5. checking no_input_delay (0)
------------------------------
 There are 0 input ports with no input delay specified.

 There are 0 input ports with no input delay but user has a false path constraint.


6. checking no_output_delay (11)
--------------------------------
 There are 11 ports with no output delay specified. (HIGH)

 There are 0 ports with no output delay but user has a false path constraint

 There are 0 ports with no output delay but with a timing clock defined on it or propagating through it


7. checking multiple_clock (0)
------------------------------
 There are 0 register/latch pins with multiple clocks.


8. checking generated_clocks (0)
--------------------------------
 There are 0 generated clocks that are not connected to a clock source.


9. checking loops (0)
---------------------
 There are 0 combinational loops in the design.


10. checking partial_input_delay (0)
------------------------------------
 There are 0 input ports with partial input delay specified.


11. checking partial_output_delay (0)
-------------------------------------
 There are 0 ports with partial output delay specified.


12. checking latch_loops (0)
----------------------------
 There are 0 combinational latch loops in the design through latch input



------------------------------------------------------------------------------------------------
| Design Timing Summary
| ---------------------
------------------------------------------------------------------------------------------------

    WNS(ns)      TNS(ns)  TNS Failing Endpoints  TNS Total Endpoints      WHS(ns)      THS(ns)  THS Failing Endpoints  THS Total Endpoints     WPWS(ns)     TPWS(ns)  TPWS Failing Endpoints  TPWS Total Endpoints  
    -------      -------  ---------------------  -------------------      -------      -------  ---------------------  -------------------     --------     --------  ----------------------  --------------------  
        inf        0.000                      0                   46          inf        0.000                      0                   46           NA           NA                      NA                    NA  


There are no user specified timing constraints.


------------------------------------------------------------------------------------------------
| Clock Summary
| -------------
------------------------------------------------------------------------------------------------


------------------------------------------------------------------------------------------------
| Intra Clock Table
| -----------------
------------------------------------------------------------------------------------------------

Clock             WNS(ns)      TNS(ns)  TNS Failing Endpoints  TNS Total Endpoints      WHS(ns)      THS(ns)  THS Failing Endpoints  THS Total Endpoints     WPWS(ns)     TPWS(ns)  TPWS Failing Endpoints  TPWS Total Endpoints  
-----             -------      -------  ---------------------  -------------------      -------      -------  ---------------------  -------------------     --------     --------  ----------------------  --------------------  


------------------------------------------------------------------------------------------------
| Inter Clock Table
| -----------------
------------------------------------------------------------------------------------------------

From Clock    To Clock          WNS(ns)      TNS(ns)  TNS Failing Endpoints  TNS Total Endpoints      WHS(ns)      THS(ns)  THS Failing Endpoints  THS Total Endpoints  
----------    --------          -------      -------  ---------------------  -------------------      -------      -------  ---------------------  -------------------  


------------------------------------------------------------------------------------------------
| Other Path Groups Table
| -----------------------
------------------------------------------------------------------------------------------------

Path Group    From Clock    To Clock          WNS(ns)      TNS(ns)  TNS Failing Endpoints  TNS Total Endpoints      WHS(ns)      THS(ns)  THS Failing Endpoints  THS Total Endpoints  
----------    ----------    --------          -------      -------  ---------------------  -------------------      -------      -------  ---------------------  -------------------  


------------------------------------------------------------------------------------------------
| User Ignored Path Table
| -----------------------
------------------------------------------------------------------------------------------------

Path Group    From Clock    To Clock    
----------    ----------    --------    


------------------------------------------------------------------------------------------------
| Unconstrained Path Table
| ------------------------
------------------------------------------------------------------------------------------------

Path Group    From Clock    To Clock    
----------    ----------    --------    
(none)                                    


------------------------------------------------------------------------------------------------
| Timing Details
| --------------
------------------------------------------------------------------------------------------------


--------------------------------------------------------------------------------------
Path Group:  (none)
From Clock:  
  To Clock:  

Max Delay            46 Endpoints
Min Delay            46 Endpoints
--------------------------------------------------------------------------------------


Max Delay Paths
--------------------------------------------------------------------------------------
Slack:                    inf
  Source:                 num1[2]
                            (input port)
  Destination:            out[6]
                            (output port)
  Path Group:             (none)
  Path Type:              Max at Slow Process Corner
  Data Path Delay:        9.113ns  (logic 4.434ns (48.658%)  route 4.679ns (51.342%))
  Logic Levels:           5  (IBUF=1 LUT4=1 LUT6=1 MUXF7=1 OBUF=1)

    Location             Delay type                Incr(ns)  Path(ns)    Netlist Resource(s)
  -------------------------------------------------------------------    -------------------
    V13                                               0.000     0.000 r  num1[2] (IN)
                         net (fo=0)                   0.000     0.000    num1[2]
    V13                  IBUF (Prop_ibuf_I_O)         0.934     0.934 r  num1_IBUF[2]_inst/O
                         net (fo=7, routed)           1.833     2.768    num1_IBUF[2]
    SLICE_X0Y11          LUT4 (Prop_lut4_I2_O)        0.154     2.922 r  out_OBUF[6]_inst_i_4/O
                         net (fo=1, routed)           0.974     3.896    out_OBUF[6]_inst_i_4_n_0
    SLICE_X0Y14          LUT6 (Prop_lut6_I5_O)        0.327     4.223 r  out_OBUF[6]_inst_i_2/O
                         net (fo=1, routed)           0.000     4.223    out_OBUF[6]_inst_i_2_n_0
    SLICE_X0Y14          MUXF7 (Prop_muxf7_I0_O)      0.238     4.461 r  out_OBUF[6]_inst_i_1/O
                         net (fo=1, routed)           1.871     6.332    out_OBUF[6]
    P18                  OBUF (Prop_obuf_I_O)         2.781     9.113 r  out_OBUF[6]_inst/O
                         net (fo=0)                   0.000     9.113    out[6]
    P18                                                               r  out[6] (OUT)
  -------------------------------------------------------------------    -------------------

Slack:                    inf
  Source:                 num1[1]
                            (input port)
  Destination:            out[5]
                            (output port)
  Path Group:             (none)
  Path Type:              Max at Slow Process Corner
  Data Path Delay:        9.067ns  (logic 4.395ns (48.478%)  route 4.671ns (51.522%))
  Logic Levels:           5  (IBUF=1 LUT4=1 LUT6=1 MUXF7=1 OBUF=1)

    Location             Delay type                Incr(ns)  Path(ns)    Netlist Resource(s)
  -------------------------------------------------------------------    -------------------
    V14                                               0.000     0.000 r  num1[1] (IN)
                         net (fo=0)                   0.000     0.000    num1[1]
    V14                  IBUF (Prop_ibuf_I_O)         0.931     0.931 r  num1_IBUF[1]_inst/O
                         net (fo=7, routed)           1.838     2.769    num1_IBUF[1]
    SLICE_X0Y11          LUT4 (Prop_lut4_I0_O)        0.152     2.921 r  out_OBUF[5]_inst_i_4/O
                         net (fo=1, routed)           0.819     3.740    out_OBUF[5]_inst_i_4_n_0
    SLICE_X1Y13          LUT6 (Prop_lut6_I5_O)        0.332     4.072 r  out_OBUF[5]_inst_i_2/O
                         net (fo=1, routed)           0.000     4.072    out_OBUF[5]_inst_i_2_n_0
    SLICE_X1Y13          MUXF7 (Prop_muxf7_I0_O)      0.212     4.284 r  out_OBUF[5]_inst_i_1/O
                         net (fo=1, routed)           2.014     6.298    out_OBUF[5]
    R18                  OBUF (Prop_obuf_I_O)         2.768     9.067 r  out_OBUF[5]_inst/O
                         net (fo=0)                   0.000     9.067    out[5]
    R18                                                               r  out[5] (OUT)
  -------------------------------------------------------------------    -------------------

Slack:                    inf
  Source:                 num2[1]
                            (input port)
  Destination:            out[0]
                            (output port)
  Path Group:             (none)
  Path Type:              Max at Slow Process Corner
  Data Path Delay:        9.007ns  (logic 4.410ns (48.957%)  route 4.598ns (51.043%))
  Logic Levels:           5  (IBUF=1 LUT4=1 LUT6=1 MUXF7=1 OBUF=1)

    Location             Delay type                Incr(ns)  Path(ns)    Netlist Resource(s)
  -------------------------------------------------------------------    -------------------
    W14                                               0.000     0.000 r  num2[1] (IN)
                         net (fo=0)                   0.000     0.000    num2[1]
    W14                  IBUF (Prop_ibuf_I_O)         0.935     0.935 r  num2_IBUF[1]_inst/O
                         net (fo=7, routed)           1.931     2.866    num2_IBUF[1]
    SLICE_X0Y12          LUT4 (Prop_lut4_I3_O)        0.152     3.018 r  out_OBUF[0]_inst_i_5/O
                         net (fo=1, routed)           0.967     3.984    out_OBUF[0]_inst_i_5_n_0
    SLICE_X0Y15          LUT6 (Prop_lut6_I5_O)        0.332     4.316 r  out_OBUF[0]_inst_i_3/O
                         net (fo=1, routed)           0.000     4.316    out_OBUF[0]_inst_i_3_n_0
    SLICE_X0Y15          MUXF7 (Prop_muxf7_I1_O)      0.217     4.533 r  out_OBUF[0]_inst_i_1/O
                         net (fo=1, routed)           1.700     6.233    out_OBUF[0]
    T17                  OBUF (Prop_obuf_I_O)         2.774     9.007 r  out_OBUF[0]_inst/O
                         net (fo=0)                   0.000     9.007    out[0]
    T17                                                               r  out[0] (OUT)
  -------------------------------------------------------------------    -------------------

Slack:                    inf
  Source:                 num1[1]
                            (input port)
  Destination:            out[3]
                            (output port)
  Path Group:             (none)
  Path Type:              Max at Slow Process Corner
  Data Path Delay:        8.441ns  (logic 4.168ns (49.376%)  route 4.273ns (50.624%))
  Logic Levels:           5  (IBUF=1 LUT4=1 LUT6=1 MUXF7=1 OBUF=1)

    Location             Delay type                Incr(ns)  Path(ns)    Netlist Resource(s)
  -------------------------------------------------------------------    -------------------
    V14                                               0.000     0.000 r  num1[1] (IN)
                         net (fo=0)                   0.000     0.000    num1[1]
    V14                  IBUF (Prop_ibuf_I_O)         0.931     0.931 r  num1_IBUF[1]_inst/O
                         net (fo=7, routed)           1.838     2.769    num1_IBUF[1]
    SLICE_X0Y11          LUT4 (Prop_lut4_I0_O)        0.124     2.893 r  out_OBUF[3]_inst_i_4/O
                         net (fo=1, routed)           0.717     3.610    out_OBUF[3]_inst_i_4_n_0
    SLICE_X0Y14          LUT6 (Prop_lut6_I5_O)        0.124     3.734 r  out_OBUF[3]_inst_i_2/O
                         net (fo=1, routed)           0.000     3.734    out_OBUF[3]_inst_i_2_n_0
    SLICE_X0Y14          MUXF7 (Prop_muxf7_I0_O)      0.212     3.946 r  out_OBUF[3]_inst_i_1/O
                         net (fo=1, routed)           1.718     5.664    out_OBUF[3]
    V19                  OBUF (Prop_obuf_I_O)         2.777     8.441 r  out_OBUF[3]_inst/O
                         net (fo=0)                   0.000     8.441    out[3]
    V19                                                               r  out[3] (OUT)
  -------------------------------------------------------------------    -------------------

Slack:                    inf
  Source:                 num1[1]
                            (input port)
  Destination:            out[2]
                            (output port)
  Path Group:             (none)
  Path Type:              Max at Slow Process Corner
  Data Path Delay:        8.405ns  (logic 4.397ns (52.320%)  route 4.007ns (47.680%))
  Logic Levels:           5  (IBUF=1 LUT4=1 LUT6=1 MUXF7=1 OBUF=1)

    Location             Delay type                Incr(ns)  Path(ns)    Netlist Resource(s)
  -------------------------------------------------------------------    -------------------
    V14                                               0.000     0.000 f  num1[1] (IN)
                         net (fo=0)                   0.000     0.000    num1[1]
    V14                  IBUF (Prop_ibuf_I_O)         0.931     0.931 f  num1_IBUF[1]_inst/O
                         net (fo=7, routed)           1.846     2.776    num1_IBUF[1]
    SLICE_X0Y11          LUT4 (Prop_lut4_I0_O)        0.152     2.928 r  out_OBUF[2]_inst_i_4/O
                         net (fo=1, routed)           0.444     3.372    out_OBUF[2]_inst_i_4_n_0
    SLICE_X0Y13          LUT6 (Prop_lut6_I5_O)        0.326     3.698 r  out_OBUF[2]_inst_i_2/O
                         net (fo=1, routed)           0.000     3.698    out_OBUF[2]_inst_i_2_n_0
    SLICE_X0Y13          MUXF7 (Prop_muxf7_I0_O)      0.212     3.910 r  out_OBUF[2]_inst_i_1/O
                         net (fo=1, routed)           1.718     5.628    out_OBUF[2]
    W18                  OBUF (Prop_obuf_I_O)         2.777     8.405 r  out_OBUF[2]_inst/O
                         net (fo=0)                   0.000     8.405    out[2]
    W18                                                               r  out[2] (OUT)
  -------------------------------------------------------------------    -------------------

Slack:                    inf
  Source:                 num1[1]
                            (input port)
  Destination:            out[1]
                            (output port)
  Path Group:             (none)
  Path Type:              Max at Slow Process Corner
  Data Path Delay:        8.351ns  (logic 4.190ns (50.173%)  route 4.161ns (49.827%))
  Logic Levels:           5  (IBUF=1 LUT4=1 LUT6=1 MUXF7=1 OBUF=1)

    Location             Delay type                Incr(ns)  Path(ns)    Netlist Resource(s)
  -------------------------------------------------------------------    -------------------
    V14                                               0.000     0.000 r  num1[1] (IN)
                         net (fo=0)                   0.000     0.000    num1[1]
    V14                  IBUF (Prop_ibuf_I_O)         0.931     0.931 r  num1_IBUF[1]_inst/O
                         net (fo=7, routed)           1.846     2.776    num1_IBUF[1]
    SLICE_X0Y11          LUT4 (Prop_lut4_I0_O)        0.124     2.900 r  out_OBUF[1]_inst_i_4/O
                         net (fo=1, routed)           0.640     3.541    out_OBUF[1]_inst_i_4_n_0
    SLICE_X0Y15          LUT6 (Prop_lut6_I5_O)        0.124     3.665 r  out_OBUF[1]_inst_i_2/O
                         net (fo=1, routed)           0.000     3.665    out_OBUF[1]_inst_i_2_n_0
    SLICE_X0Y15          MUXF7 (Prop_muxf7_I0_O)      0.238     3.903 r  out_OBUF[1]_inst_i_1/O
                         net (fo=1, routed)           1.675     5.578    out_OBUF[1]
    W19                  OBUF (Prop_obuf_I_O)         2.773     8.351 r  out_OBUF[1]_inst/O
                         net (fo=0)                   0.000     8.351    out[1]
    W19                                                               r  out[1] (OUT)
  -------------------------------------------------------------------    -------------------

Slack:                    inf
  Source:                 num2[1]
                            (input port)
  Destination:            out[4]
                            (output port)
  Path Group:             (none)
  Path Type:              Max at Slow Process Corner
  Data Path Delay:        8.295ns  (logic 4.196ns (50.581%)  route 4.099ns (49.419%))
  Logic Levels:           5  (IBUF=1 LUT4=1 LUT6=1 MUXF7=1 OBUF=1)

    Location             Delay type                Incr(ns)  Path(ns)    Netlist Resource(s)
  -------------------------------------------------------------------    -------------------
    W14                                               0.000     0.000 r  num2[1] (IN)
                         net (fo=0)                   0.000     0.000    num2[1]
    W14                  IBUF (Prop_ibuf_I_O)         0.935     0.935 r  num2_IBUF[1]_inst/O
                         net (fo=7, routed)           1.931     2.866    num2_IBUF[1]
    SLICE_X0Y12          LUT4 (Prop_lut4_I1_O)        0.124     2.990 r  out_OBUF[4]_inst_i_5/O
                         net (fo=1, routed)           0.300     3.290    out_OBUF[4]_inst_i_5_n_0
    SLICE_X0Y13          LUT6 (Prop_lut6_I5_O)        0.124     3.414 r  out_OBUF[4]_inst_i_3/O
                         net (fo=1, routed)           0.000     3.414    out_OBUF[4]_inst_i_3_n_0
    SLICE_X0Y13          MUXF7 (Prop_muxf7_I1_O)      0.245     3.659 r  out_OBUF[4]_inst_i_1/O
                         net (fo=1, routed)           1.868     5.527    out_OBUF[4]
    U19                  OBUF (Prop_obuf_I_O)         2.768     8.295 r  out_OBUF[4]_inst/O
                         net (fo=0)                   0.000     8.295    out[4]
    U19                                                               r  out[4] (OUT)
  -------------------------------------------------------------------    -------------------

Slack:                    inf
  Source:                 signalChange_reg[1]/C
                            (rising edge-triggered cell FDRE)
  Destination:            segmentActivate[0]
                            (output port)
  Path Group:             (none)
  Path Type:              Max at Slow Process Corner
  Data Path Delay:        6.203ns  (logic 3.406ns (54.907%)  route 2.797ns (45.093%))
  Logic Levels:           3  (FDRE=1 LUT2=1 OBUF=1)

    Location             Delay type                Incr(ns)  Path(ns)    Netlist Resource(s)
  -------------------------------------------------------------------    -------------------
    SLICE_X1Y22          FDRE                         0.000     0.000 r  signalChange_reg[1]/C
    SLICE_X1Y22          FDRE (Prop_fdre_C_Q)         0.456     0.456 r  signalChange_reg[1]/Q
                         net (fo=19, routed)          0.850     1.306    signalChange[1]
    SLICE_X1Y26          LUT2 (Prop_lut2_I0_O)        0.152     1.458 r  segmentActivate_OBUF[0]_inst_i_1/O
                         net (fo=1, routed)           1.947     3.405    segmentActivate_OBUF[0]
    P17                  OBUF (Prop_obuf_I_O)         2.798     6.203 r  segmentActivate_OBUF[0]_inst/O
                         net (fo=0)                   0.000     6.203    segmentActivate[0]
    P17                                                               r  segmentActivate[0] (OUT)
  -------------------------------------------------------------------    -------------------

Slack:                    inf
  Source:                 signalChange_reg[0]/C
                            (rising edge-triggered cell FDRE)
  Destination:            segmentActivate[1]
                            (output port)
  Path Group:             (none)
  Path Type:              Max at Slow Process Corner
  Data Path Delay:        6.008ns  (logic 3.165ns (52.686%)  route 2.843ns (47.314%))
  Logic Levels:           3  (FDRE=1 LUT2=1 OBUF=1)

    Location             Delay type                Incr(ns)  Path(ns)    Netlist Resource(s)
  -------------------------------------------------------------------    -------------------
    SLICE_X1Y25          FDRE                         0.000     0.000 r  signalChange_reg[0]/C
    SLICE_X1Y25          FDRE (Prop_fdre_C_Q)         0.456     0.456 f  signalChange_reg[0]/Q
                         net (fo=13, routed)          1.006     1.462    signalChange[0]
    SLICE_X2Y22          LUT2 (Prop_lut2_I1_O)        0.124     1.586 r  segmentActivate_OBUF[1]_inst_i_1/O
                         net (fo=1, routed)           1.837     3.423    segmentActivate_OBUF[1]
    N17                  OBUF (Prop_obuf_I_O)         2.585     6.008 r  segmentActivate_OBUF[1]_inst/O
                         net (fo=0)                   0.000     6.008    segmentActivate[1]
    N17                                                               r  segmentActivate[1] (OUT)
  -------------------------------------------------------------------    -------------------

Slack:                    inf
  Source:                 signalChange_reg[1]/C
                            (rising edge-triggered cell FDRE)
  Destination:            segmentActivate[3]
                            (output port)
  Path Group:             (none)
  Path Type:              Max at Slow Process Corner
  Data Path Delay:        5.891ns  (logic 3.436ns (58.328%)  route 2.455ns (41.672%))
  Logic Levels:           3  (FDRE=1 LUT2=1 OBUF=1)

    Location             Delay type                Incr(ns)  Path(ns)    Netlist Resource(s)
  -------------------------------------------------------------------    -------------------
    SLICE_X1Y22          FDRE                         0.000     0.000 r  signalChange_reg[1]/C
    SLICE_X1Y22          FDRE (Prop_fdre_C_Q)         0.456     0.456 f  signalChange_reg[1]/Q
                         net (fo=19, routed)          0.922     1.378    signalChange[1]
    SLICE_X1Y26          LUT2 (Prop_lut2_I0_O)        0.153     1.531 r  segmentActivate_OBUF[3]_inst_i_1/O
                         net (fo=1, routed)           1.533     3.064    segmentActivate_OBUF[3]
    L17                  OBUF (Prop_obuf_I_O)         2.827     5.891 r  segmentActivate_OBUF[3]_inst/O
                         net (fo=0)                   0.000     5.891    segmentActivate[3]
    L17                                                               r  segmentActivate[3] (OUT)
  -------------------------------------------------------------------    -------------------





Min Delay Paths
--------------------------------------------------------------------------------------
Slack:                    inf
  Source:                 clk2_reg/C
                            (rising edge-triggered cell FDRE)
  Destination:            clk2_reg/D
  Path Group:             (none)
  Path Type:              Min at Fast Process Corner
  Data Path Delay:        0.366ns  (logic 0.186ns (50.759%)  route 0.180ns (49.241%))
  Logic Levels:           2  (FDRE=1 LUT2=1)

    Location             Delay type                Incr(ns)  Path(ns)    Netlist Resource(s)
  -------------------------------------------------------------------    -------------------
    SLICE_X1Y26          FDRE                         0.000     0.000 r  clk2_reg/C
    SLICE_X1Y26          FDRE (Prop_fdre_C_Q)         0.141     0.141 r  clk2_reg/Q
                         net (fo=3, routed)           0.180     0.321    clk2
    SLICE_X1Y26          LUT2 (Prop_lut2_I1_O)        0.045     0.366 r  clk2_i_1/O
                         net (fo=1, routed)           0.000     0.366    clk2_i_1_n_0
    SLICE_X1Y26          FDRE                                         r  clk2_reg/D
  -------------------------------------------------------------------    -------------------

Slack:                    inf
  Source:                 count_reg[15]/C
                            (rising edge-triggered cell FDRE)
  Destination:            count_reg[15]/D
  Path Group:             (none)
  Path Type:              Min at Fast Process Corner
  Data Path Delay:        0.421ns  (logic 0.249ns (59.140%)  route 0.172ns (40.860%))
  Logic Levels:           3  (CARRY4=1 FDRE=1 LUT2=1)

    Location             Delay type                Incr(ns)  Path(ns)    Netlist Resource(s)
  -------------------------------------------------------------------    -------------------
    SLICE_X0Y23          FDRE                         0.000     0.000 r  count_reg[15]/C
    SLICE_X0Y23          FDRE (Prop_fdre_C_Q)         0.141     0.141 r  count_reg[15]/Q
                         net (fo=3, routed)           0.172     0.313    count_reg[15]
    SLICE_X0Y23          LUT2 (Prop_lut2_I0_O)        0.045     0.358 r  count[12]_i_2/O
                         net (fo=1, routed)           0.000     0.358    count[12]_i_2_n_0
    SLICE_X0Y23          CARRY4 (Prop_carry4_S[3]_O[3])
                                                      0.063     0.421 r  count_reg[12]_i_1/O[3]
                         net (fo=1, routed)           0.000     0.421    count_reg[12]_i_1_n_4
    SLICE_X0Y23          FDRE                                         r  count_reg[15]/D
  -------------------------------------------------------------------    -------------------

Slack:                    inf
  Source:                 count_reg[11]/C
                            (rising edge-triggered cell FDRE)
  Destination:            count_reg[11]/D
  Path Group:             (none)
  Path Type:              Min at Fast Process Corner
  Data Path Delay:        0.422ns  (logic 0.249ns (58.995%)  route 0.173ns (41.005%))
  Logic Levels:           3  (CARRY4=1 FDRE=1 LUT2=1)

    Location             Delay type                Incr(ns)  Path(ns)    Netlist Resource(s)
  -------------------------------------------------------------------    -------------------
    SLICE_X0Y22          FDRE                         0.000     0.000 r  count_reg[11]/C
    SLICE_X0Y22          FDRE (Prop_fdre_C_Q)         0.141     0.141 r  count_reg[11]/Q
                         net (fo=3, routed)           0.173     0.314    count_reg[11]
    SLICE_X0Y22          LUT2 (Prop_lut2_I0_O)        0.045     0.359 r  count[8]_i_2/O
                         net (fo=1, routed)           0.000     0.359    count[8]_i_2_n_0
    SLICE_X0Y22          CARRY4 (Prop_carry4_S[3]_O[3])
                                                      0.063     0.422 r  count_reg[8]_i_1/O[3]
                         net (fo=1, routed)           0.000     0.422    count_reg[8]_i_1_n_4
    SLICE_X0Y22          FDRE                                         r  count_reg[11]/D
  -------------------------------------------------------------------    -------------------

Slack:                    inf
  Source:                 count_reg[23]/C
                            (rising edge-triggered cell FDRE)
  Destination:            count_reg[23]/D
  Path Group:             (none)
  Path Type:              Min at Fast Process Corner
  Data Path Delay:        0.422ns  (logic 0.249ns (58.995%)  route 0.173ns (41.005%))
  Logic Levels:           3  (CARRY4=1 FDRE=1 LUT2=1)

    Location             Delay type                Incr(ns)  Path(ns)    Netlist Resource(s)
  -------------------------------------------------------------------    -------------------
    SLICE_X0Y25          FDRE                         0.000     0.000 r  count_reg[23]/C
    SLICE_X0Y25          FDRE (Prop_fdre_C_Q)         0.141     0.141 r  count_reg[23]/Q
                         net (fo=3, routed)           0.173     0.314    count_reg[23]
    SLICE_X0Y25          LUT2 (Prop_lut2_I0_O)        0.045     0.359 r  count[20]_i_2/O
                         net (fo=1, routed)           0.000     0.359    count[20]_i_2_n_0
    SLICE_X0Y25          CARRY4 (Prop_carry4_S[3]_O[3])
                                                      0.063     0.422 r  count_reg[20]_i_1/O[3]
                         net (fo=1, routed)           0.000     0.422    count_reg[20]_i_1_n_4
    SLICE_X0Y25          FDRE                                         r  count_reg[23]/D
  -------------------------------------------------------------------    -------------------

Slack:                    inf
  Source:                 count_reg[27]/C
                            (rising edge-triggered cell FDRE)
  Destination:            count_reg[27]/D
  Path Group:             (none)
  Path Type:              Min at Fast Process Corner
  Data Path Delay:        0.422ns  (logic 0.249ns (58.995%)  route 0.173ns (41.005%))
  Logic Levels:           3  (CARRY4=1 FDRE=1 LUT2=1)

    Location             Delay type                Incr(ns)  Path(ns)    Netlist Resource(s)
  -------------------------------------------------------------------    -------------------
    SLICE_X0Y26          FDRE                         0.000     0.000 r  count_reg[27]/C
    SLICE_X0Y26          FDRE (Prop_fdre_C_Q)         0.141     0.141 r  count_reg[27]/Q
                         net (fo=3, routed)           0.173     0.314    count_reg[27]
    SLICE_X0Y26          LUT2 (Prop_lut2_I0_O)        0.045     0.359 r  count[24]_i_2/O
                         net (fo=1, routed)           0.000     0.359    count[24]_i_2_n_0
    SLICE_X0Y26          CARRY4 (Prop_carry4_S[3]_O[3])
                                                      0.063     0.422 r  count_reg[24]_i_1/O[3]
                         net (fo=1, routed)           0.000     0.422    count_reg[24]_i_1_n_4
    SLICE_X0Y26          FDRE                                         r  count_reg[27]/D
  -------------------------------------------------------------------    -------------------

Slack:                    inf
  Source:                 count_reg[7]/C
                            (rising edge-triggered cell FDRE)
  Destination:            count_reg[7]/D
  Path Group:             (none)
  Path Type:              Min at Fast Process Corner
  Data Path Delay:        0.422ns  (logic 0.249ns (58.995%)  route 0.173ns (41.005%))
  Logic Levels:           3  (CARRY4=1 FDRE=1 LUT2=1)

    Location             Delay type                Incr(ns)  Path(ns)    Netlist Resource(s)
  -------------------------------------------------------------------    -------------------
    SLICE_X0Y21          FDRE                         0.000     0.000 r  count_reg[7]/C
    SLICE_X0Y21          FDRE (Prop_fdre_C_Q)         0.141     0.141 r  count_reg[7]/Q
                         net (fo=2, routed)           0.173     0.314    count_reg[7]
    SLICE_X0Y21          LUT2 (Prop_lut2_I0_O)        0.045     0.359 r  count[4]_i_2/O
                         net (fo=1, routed)           0.000     0.359    count[4]_i_2_n_0
    SLICE_X0Y21          CARRY4 (Prop_carry4_S[3]_O[3])
                                                      0.063     0.422 r  count_reg[4]_i_1/O[3]
                         net (fo=1, routed)           0.000     0.422    count_reg[4]_i_1_n_4
    SLICE_X0Y21          FDRE                                         r  count_reg[7]/D
  -------------------------------------------------------------------    -------------------

Slack:                    inf
  Source:                 count_reg[31]/C
                            (rising edge-triggered cell FDRE)
  Destination:            count_reg[31]/D
  Path Group:             (none)
  Path Type:              Min at Fast Process Corner
  Data Path Delay:        0.422ns  (logic 0.249ns (58.987%)  route 0.173ns (41.013%))
  Logic Levels:           3  (CARRY4=1 FDRE=1 LUT2=1)

    Location             Delay type                Incr(ns)  Path(ns)    Netlist Resource(s)
  -------------------------------------------------------------------    -------------------
    SLICE_X0Y27          FDRE                         0.000     0.000 r  count_reg[31]/C
    SLICE_X0Y27          FDRE (Prop_fdre_C_Q)         0.141     0.141 r  count_reg[31]/Q
                         net (fo=3, routed)           0.173     0.314    count_reg[31]
    SLICE_X0Y27          LUT2 (Prop_lut2_I0_O)        0.045     0.359 r  count[28]_i_2/O
                         net (fo=1, routed)           0.000     0.359    count[28]_i_2_n_0
    SLICE_X0Y27          CARRY4 (Prop_carry4_S[3]_O[3])
                                                      0.063     0.422 r  count_reg[28]_i_1/O[3]
                         net (fo=1, routed)           0.000     0.422    count_reg[28]_i_1_n_4
    SLICE_X0Y27          FDRE                                         r  count_reg[31]/D
  -------------------------------------------------------------------    -------------------

Slack:                    inf
  Source:                 count_reg[3]/C
                            (rising edge-triggered cell FDRE)
  Destination:            count_reg[3]/D
  Path Group:             (none)
  Path Type:              Min at Fast Process Corner
  Data Path Delay:        0.422ns  (logic 0.249ns (58.987%)  route 0.173ns (41.013%))
  Logic Levels:           3  (CARRY4=1 FDRE=1 LUT2=1)

    Location             Delay type                Incr(ns)  Path(ns)    Netlist Resource(s)
  -------------------------------------------------------------------    -------------------
    SLICE_X0Y20          FDRE                         0.000     0.000 r  count_reg[3]/C
    SLICE_X0Y20          FDRE (Prop_fdre_C_Q)         0.141     0.141 r  count_reg[3]/Q
                         net (fo=3, routed)           0.173     0.314    count_reg[3]
    SLICE_X0Y20          LUT2 (Prop_lut2_I0_O)        0.045     0.359 r  count[0]_i_2/O
                         net (fo=1, routed)           0.000     0.359    count[0]_i_2_n_0
    SLICE_X0Y20          CARRY4 (Prop_carry4_S[3]_O[3])
                                                      0.063     0.422 r  count_reg[0]_i_1/O[3]
                         net (fo=1, routed)           0.000     0.422    count_reg[0]_i_1_n_4
    SLICE_X0Y20          FDRE                                         r  count_reg[3]/D
  -------------------------------------------------------------------    -------------------

Slack:                    inf
  Source:                 count_reg[19]/C
                            (rising edge-triggered cell FDRE)
  Destination:            count_reg[19]/D
  Path Group:             (none)
  Path Type:              Min at Fast Process Corner
  Data Path Delay:        0.435ns  (logic 0.249ns (57.298%)  route 0.186ns (42.702%))
  Logic Levels:           3  (CARRY4=1 FDRE=1 LUT2=1)

    Location             Delay type                Incr(ns)  Path(ns)    Netlist Resource(s)
  -------------------------------------------------------------------    -------------------
    SLICE_X0Y24          FDRE                         0.000     0.000 r  count_reg[19]/C
    SLICE_X0Y24          FDRE (Prop_fdre_C_Q)         0.141     0.141 r  count_reg[19]/Q
                         net (fo=3, routed)           0.186     0.327    count_reg[19]
    SLICE_X0Y24          LUT2 (Prop_lut2_I0_O)        0.045     0.372 r  count[16]_i_2/O
                         net (fo=1, routed)           0.000     0.372    count[16]_i_2_n_0
    SLICE_X0Y24          CARRY4 (Prop_carry4_S[3]_O[3])
                                                      0.063     0.435 r  count_reg[16]_i_1/O[3]
                         net (fo=1, routed)           0.000     0.435    count_reg[16]_i_1_n_4
    SLICE_X0Y24          FDRE                                         r  count_reg[19]/D
  -------------------------------------------------------------------    -------------------

Slack:                    inf
  Source:                 count_reg[12]/C
                            (rising edge-triggered cell FDRE)
  Destination:            count_reg[12]/D
  Path Group:             (none)
  Path Type:              Min at Fast Process Corner
  Data Path Delay:        0.440ns  (logic 0.256ns (58.221%)  route 0.184ns (41.779%))
  Logic Levels:           3  (CARRY4=1 FDRE=1 LUT2=1)

    Location             Delay type                Incr(ns)  Path(ns)    Netlist Resource(s)
  -------------------------------------------------------------------    -------------------
    SLICE_X0Y23          FDRE                         0.000     0.000 r  count_reg[12]/C
    SLICE_X0Y23          FDRE (Prop_fdre_C_Q)         0.141     0.141 r  count_reg[12]/Q
                         net (fo=2, routed)           0.184     0.325    count_reg[12]
    SLICE_X0Y23          LUT2 (Prop_lut2_I0_O)        0.045     0.370 r  count[12]_i_5/O
                         net (fo=1, routed)           0.000     0.370    count[12]_i_5_n_0
    SLICE_X0Y23          CARRY4 (Prop_carry4_S[0]_O[0])
                                                      0.070     0.440 r  count_reg[12]_i_1/O[0]
                         net (fo=1, routed)           0.000     0.440    count_reg[12]_i_1_n_7
    SLICE_X0Y23          FDRE                                         r  count_reg[12]/D
  -------------------------------------------------------------------    -------------------





